---
description: design_ready から実装を適用し、review gate を通過したら apply_ready に進める
---
## User Input


```text
$ARGUMENTS
```

## Prerequisites


1. Run `openspec list --json > /dev/null 2>&1` via Bash to confirm OpenSpec is ready.
   - If exit 127 (command not found):
     ```
     ❌ openspec CLI が見つかりません。

     次のステップで解消してください:
     1. `specflow-install` を実行
     2. `/specflow.apply` を再実行してください
     ```
     → **STOP**.
   - If any other non-zero exit:
     ```
     ❌ OpenSpec が初期化されていません。

     次のステップで解消してください:
     1. `specflow-init` を実行
     2. `/specflow.apply` を再実行してください
     ```
     → **STOP**.
2. Read `openspec/config.yaml`. Extract `max_autofix_rounds` if present. If unset or not a number in 1〜10, use default value 4. Store as `MAX_AUTOFIX_ROUNDS`.

## Step 0.5: Read Current Phase Context


1. Determine `CHANGE_ID`:
   - If `$ARGUMENTS` contains a change id, use it.
   - Otherwise, derive from the current branch name or prompt the user.
2. Verify `openspec/changes/<CHANGE_ID>/proposal.md` exists via Bash. If missing → **STOP** with error.
3. Determine `RUN_ID` from the change:
   - `RUN_ID` is the `run_id` field from the JSON output of `specflow-run start`. Format: `<CHANGE_ID>-<N>` (e.g., `my-feature-1`).
   - To find the current run, check `.specflow/runs/` for a directory matching `<CHANGE_ID>-*`.
   - All subsequent `specflow-run` subcommands (`advance`, `get-field`, `update-field`, `status`) require `RUN_ID`, not bare `CHANGE_ID`.
4. Read the current run phase when available:
   ```bash
   specflow-run get-field "<RUN_ID>" current_phase
   ```
5. `/specflow.apply` starts only from `design_ready`.
   - If current phase is `design_ready`, the run hook advances to `apply_draft` before implementation begins.
   - If current phase is already `apply_draft`, `apply_review`, or `apply_ready`, continue from the existing apply state.
   - Otherwise display: `"design_ready に到達していません。先に /specflow.design を完了してください。"` → **STOP**.
6. Check if `openspec/changes/<CHANGE_ID>/current-phase.md` exists (via Read tool — if not found, proceed silently).
7. If the file exists: read it and display as a summary block:
   ```
   Current Phase Context:
   <contents of current-phase.md>
   ```

## Step 0.7: Get Apply Instructions from OpenSpec


1. Run the following command via Bash:
   ```bash
   openspec instructions apply --change "<CHANGE_ID>" --json
   ```
2. Parse the JSON output. It contains:
   - `contextFiles`: file paths to read for context (varies by schema)
   - `progress`: total, complete, remaining task counts
   - `tasks`: task list with status
   - `instruction`: dynamic instruction based on current state
   - `state`: current workflow state
3. Handle states:
   - If `state` is `"blocked"` (missing artifacts):
     ```
     ⚠️ 必要なアーティファクトが不足しています。

     先に `/specflow.design` を実行してください。
     ```
     → **STOP**.
   - If `state` is `"all_done"`:
     ```
     ✅ すべてのタスクが完了しています！

     次のステップ: `/specflow.approve` で承認・PR 作成に進みましょう。
     ```
     → **STOP**.
   - Otherwise: proceed to Step 1.
4. Read each file listed in `contextFiles` using the Read tool before proceeding. These provide implementation context that varies by project schema.

## Step 1: Apply Draft and Implement


1. Confirm the run is in `apply_draft`.
2. **Pre-apply path detection.** Check `openspec/changes/<CHANGE_ID>/task-graph.json` via Read tool.
   - **Absent** → legacy fallback (see step 3a).
   - **Present** → CLI-mandatory path (see step 3b). `specflow-advance-bundle` is the sole mutation entry point and validates the task graph on every invocation, so a malformed `task-graph.json` surfaces as a CLI error in step 3b (fail-fast; the apply stops in `apply_draft` and does NOT silently fall back to the legacy path).
3a. **Legacy fallback (task-graph.json absent).** Load `openspec/changes/<CHANGE_ID>/tasks.md` and `openspec/changes/<CHANGE_ID>/design.md` directly. Execute tasks phase-by-phase. Mark completed tasks in `tasks.md`.
3b. **CLI-mandatory path (task-graph.json present).** Load `task-graph.json` as the source of truth. Use the bundle structure to determine execution order and eligible bundles (bundles whose `depends_on` outputs are available and whose `status` is `pending`).
   - **Every bundle status transition MUST be performed via `specflow-advance-bundle`.** This applies to all four logical transitions: `pending → in_progress`, `in_progress → done`, `pending → skipped`, `pending → done`. Invoke:
     ```bash
     specflow-advance-bundle <CHANGE_ID> <BUNDLE_ID> <NEW_STATUS>
     ```
     The CLI re-renders `tasks.md` and normalizes child-task statuses on terminal transitions automatically.
   - **Do NOT edit `task-graph.json` or `tasks.md` by any other means in this path.** Inline `node -e '…'` scripts, `jq` / `sed` / `awk` expressions, shell here-docs, and direct Edit/Write tool invocations against `task-graph.json` or `tasks.md` are prohibited — they bypass schema validation, child-task normalization, atomic persistence, and the coercion audit log, and are a contract violation per `task-planner`.
   - **Fail-fast on CLI error.** If `specflow-advance-bundle` exits non-zero (malformed `task-graph.json`, unknown bundle id, invalid status transition, filesystem error, etc.), STOP the apply immediately. Surface the CLI's stdout JSON error envelope verbatim to the user. Do NOT advance any subsequent bundle, do NOT retry the same invocation, do NOT skip-and-continue. The run SHALL remain in `apply_draft`. Recovery paths for the user:
     - Regenerate `task-graph.json` (for example via `specflow-generate-task-graph <CHANGE_ID>`) when the schema error indicates a stale or corrupted graph.
     - Run `/specflow.fix_apply` when the error reflects an implementation problem surfaced by a prior review.
     - Manual repair of the graph is permitted only OUTSIDE apply-class workflows; inside this Step 1 path, manual edits remain a contract violation.
4. Validate implementation against `openspec/changes/<CHANGE_ID>/proposal.md`.

Report: `Step 1 complete — implementation completed in apply_draft`

## Step 2: Apply Review Gate


1. Enter the review gate:
   ```bash
   specflow-run advance "<RUN_ID>" review_apply
   ```
2. Continue by invoking the `/specflow.review_apply` workflow.
3. If review findings remain, loop back to `apply_draft`:
   ```bash
   specflow-run advance "<RUN_ID>" revise_apply
   ```
   Do **not** offer `/specflow.approve` while findings remain.
4. If the review is approved, enter `apply_ready`:
   ```bash
   specflow-run advance "<RUN_ID>" apply_review_approved
   ```
5. Only from `apply_ready`, offer `/specflow.approve` using the AskUserQuestion block below:

   **テキストプロンプト（AskUserQuestion の前に必ず表示）**:
   ```
   ✅ Apply review approved — run is in `apply_ready`.

   次のアクションを選択してください（テキスト入力またはボタンで回答）:
   - **Approve に進む** → `/specflow.approve`
   - **Fix ループへ** → `/specflow.fix_apply`
   - **中止** → `/specflow.reject`
   ```

   **AskUserQuestion（テキストプロンプトの直後に呼び出し）**:
   ```
   AskUserQuestion:
     question: "Apply review 承認済み。次のアクションを選択してください"
     options:
       - label: "Approve に進む"
         description: "/specflow.approve で archive・commit・push・PR 作成に進む"
       - label: "Fix ループへ"
         description: "/specflow.fix_apply で追加修正してから再レビュー"
       - label: "中止"
         description: "/specflow.reject で全変更を破棄して終了"
   ```

   **入力受理**: 最初に受理された有効入力のみ採用。無効入力時はテキストプロンプトを再表示。

   - 「Approve に進む」 → `Skill(skill: "specflow.approve")`
   - 「Fix ループへ」 → `Skill(skill: "specflow.fix_apply")`
   - 「中止」 → `Skill(skill: "specflow.reject")`

If the configured round cap is reached and findings remain, stop in place without an approve bypass.

## Important Rules


- Use the git repository root (`git rev-parse --show-toplevel`) as the base for all relative paths.
- All artifacts (proposal, design, tasks, current-phase, review-ledger) are managed in `openspec/changes/<CHANGE_ID>/`.
- If any tool call fails, report the error and ask the user how to proceed.


## Run State Hooks

### Design Acceptance

Advance the run into apply only after design has reached design_ready.

```bash
CURRENT_PHASE="$(specflow-run get-field "<RUN_ID>" current_phase 2>/dev/null || true)"
if [[ "$CURRENT_PHASE" == "design_ready" ]]; then
  specflow-run advance "<RUN_ID>" accept_design
fi
```
