---
description: run-state / autofix snapshot / task-graph / observation events を読み取る read-only TUI を別ターミナルで起動
---
## User Input


```text
$ARGUMENTS
```

## Purpose


`/specflow.watch` launches the `specflow-watch` TUI in a **separate terminal**
so you can observe a single specflow run's progress in real time while you
keep working in the main chat. The TUI is:

- **read-only** — it never calls `specflow-run advance` or mutates any run
  artifact;
- **no server, no database** — it reads run-state, the autofix progress
  snapshot, `task-graph.json`, the observation events log, and any archived
  `approval-summary.md` directly from the local filesystem under
  `.specflow/runs/` and `openspec/changes/<change_name>/`;
- **auto-redrawing** — it watches those files with `fs.watch` plus a 2 s
  polling fallback and redraws on change.

This command does NOT consume or parse `tasks.md`; the canonical bundled
progress source is `openspec/changes/<change_name>/task-graph.json`.

## Step 1: Determine the run to track


`specflow-watch` accepts one optional positional argument:

- `specflow-watch <run-id>` — track that exact run (regardless of status).
- `specflow-watch <change-name>` — track the latest active run whose
  `change_name` matches, ordered by `updated_at DESC` then `created_at DESC`,
  picking the first.
- `specflow-watch` (no argument) — resolve the same way as `<change-name>`,
  using the current git branch name as the implicit `change_name`.

The CLI first attempts to interpret the argument as a `run_id`. If no run
with that id exists, it falls back to treating it as a `change_name`. If
nothing resolves, it exits with a clear error and does **not** open the TUI.

From `$ARGUMENTS`, set `WATCH_TARGET` to either the argument the user
provided or an empty string. If empty, the no-argument form is used.

## Step 2: Launch the TUI via `specflow-launch-watch`


Delegate to the `specflow-launch-watch` CLI. It encapsulates the
cross-platform dispatcher (tmux → screen → macOS `osascript` → `$TERMINAL`
→ known Linux emulators → manual fallback), prints `WATCH_METHOD=<method>`
on the selected branch, and always exits 0 (watch is optional; launch
failure is non-fatal).

```bash
specflow-launch-watch "$WATCH_TARGET"
```

Per-emulator argument contract (enforced by `specflow-launch-watch`; see
`utility-cli-suite` spec for the authoritative contract):

| Emulator | Launch form | Verification | Notes |
| --- | --- | --- | --- |
| `tmux` | `split-window -h -c <root> "..."` | sync `spawnSync` | pane cwd set via `-c` |
| `screen` | `-X eval "chdir <root>" "screen cmd args"` | sync `spawnSync` | runs inside the screen session |
| `osascript` | `do script "..."` | sync `spawnSync` | `repo_dir` and `target` escaped |
| `$TERMINAL` | `-e cmd args` | 200ms liveness probe | best-effort; non-`-e` emulators fall through |
| `x-terminal-emulator` | `-e cmd args` | 200ms liveness probe | Debian alternatives |
| `gnome-terminal` | `-- cmd args` | 200ms liveness probe | `-e` is deprecated; `--` separator |
| `konsole` | `-e cmd args` | 200ms liveness probe | |
| `xfce4-terminal` | `-e "cmd args"` | 200ms liveness probe | single-string `-e`; args shell-quoted |
| `alacritty` | `-e cmd args` | 200ms liveness probe | |
| `kitty` | `cmd args` (direct exec) | 200ms liveness probe | no subcommand |
| `wezterm` | `start -- cmd args` | `_try_bg` | `start` subcommand + `--` separator |
| `xterm` | `-e cmd args` | `_try_bg` | |

The legacy `open -a Terminal -n --args bash -lc "..."` form is **not used**
because Terminal.app ignores `--args` and opens an empty window.

## Step 3: Exit and lifecycle


- The watcher exits on `q`, `Q`, or `Ctrl+C`.
- When the tracked run transitions to a non-active status (completed,
  failed, canceled, suspended, or archived), the watcher keeps the window
  open and displays a "Run <status> — press q to quit" banner. If the run
  re-enters `active`, the watcher resumes live updates without needing a
  restart.
- `/specflow.watch` does NOT wait for the watcher to exit — it only
  launches it and returns control to the main chat.

## Important Rules


- Use the git repository root (`git rev-parse --show-toplevel`) as the base
  for all relative paths.
- Never run `specflow-watch` in the foreground of the main Claude chat —
  the TUI will take over the terminal. Always use the
  `specflow-launch-watch` CLI dispatcher.
- `specflow-watch` reads only local filesystem artifacts and never writes
  to any run artifact; it never calls `specflow-run advance` or any other
  mutating specflow subcommand.
